// Jest Snapshot v1, https://goo.gl/fbAQLP

exports[`buildRoundReportCard — baseline-only compute path the report card output is unchanged for a rich fixture (shot data + history) 1`] = `
{
  "callouts": {
    "bright": [
      {
        "baseline": 2,
        "deltaVs2": 0.33,
        "deltaVsAvg": 0.33,
        "group": "course",
        "holes": 3,
        "label": "Par 3s",
        "polarity": "higher",
        "value": 2.33,
      },
      {
        "baseline": 2,
        "deltaVs2": 0.33,
        "deltaVsAvg": 0.33,
        "group": "timing",
        "holes": 3,
        "label": "Opening 3",
        "polarity": "higher",
        "value": 2.33,
      },
    ],
    "cost": [
      {
        "baseline": 2,
        "deltaVs2": -0.67,
        "deltaVsAvg": -0.67,
        "group": "timing",
        "holes": 3,
        "label": "Closing 3",
        "polarity": "higher",
        "value": 1.33,
      },
      {
        "baseline": 2,
        "deltaVs2": -0.67,
        "deltaVsAvg": -0.67,
        "group": "course",
        "holes": 3,
        "label": "Par 5s",
        "polarity": "higher",
        "value": 1.33,
      },
    ],
  },
  "groups": [
    {
      "cells": [
        {
          "baseline": 2,
          "deltaVs2": 0.33,
          "deltaVsAvg": 0.33,
          "group": "course",
          "holes": 3,
          "label": "Par 3s",
          "polarity": "higher",
          "value": 2.33,
        },
        {
          "baseline": 2,
          "deltaVs2": 0,
          "deltaVsAvg": 0,
          "group": "course",
          "holes": 12,
          "label": "Par 4s",
          "polarity": "higher",
          "value": 2,
        },
        {
          "baseline": 2,
          "deltaVs2": -0.67,
          "deltaVsAvg": -0.67,
          "group": "course",
          "holes": 3,
          "label": "Par 5s",
          "polarity": "higher",
          "value": 1.33,
        },
        {
          "baseline": 2,
          "deltaVs2": 0.17,
          "deltaVsAvg": 0.17,
          "group": "course",
          "holes": 6,
          "label": "Hard holes",
          "polarity": "higher",
          "value": 2.17,
        },
        {
          "baseline": 2,
          "deltaVs2": 0,
          "deltaVsAvg": 0,
          "group": "course",
          "holes": 6,
          "label": "Mid holes",
          "polarity": "higher",
          "value": 2,
        },
        {
          "baseline": 2,
          "deltaVs2": -0.33,
          "deltaVsAvg": -0.33,
          "group": "course",
          "holes": 6,
          "label": "Easy holes",
          "polarity": "higher",
          "value": 1.67,
        },
      ],
      "key": "course",
      "label": "Where on the course",
    },
    {
      "cells": [
        {
          "baseline": 2,
          "deltaVs2": 0.33,
          "deltaVsAvg": 0.33,
          "group": "timing",
          "holes": 3,
          "label": "Opening 3",
          "polarity": "higher",
          "value": 2.33,
        },
        {
          "baseline": 2,
          "deltaVs2": -0.67,
          "deltaVsAvg": -0.67,
          "group": "timing",
          "holes": 3,
          "label": "Closing 3",
          "polarity": "higher",
          "value": 1.33,
        },
        {
          "baseline": 2,
          "deltaVs2": 0.11,
          "deltaVsAvg": 0.11,
          "group": "timing",
          "holes": 9,
          "label": "Front 9",
          "polarity": "higher",
          "value": 2.11,
        },
        {
          "baseline": 2,
          "deltaVs2": -0.22,
          "deltaVsAvg": -0.22,
          "group": "timing",
          "holes": 9,
          "label": "Back 9",
          "polarity": "higher",
          "value": 1.78,
        },
      ],
      "key": "timing",
      "label": "When in the round",
    },
    {
      "cells": [
        {
          "baseline": 0,
          "deltaVs2": null,
          "deltaVsAvg": 1,
          "group": "distribution",
          "holes": null,
          "label": "Birdies+",
          "polarity": "higher",
          "value": 1,
        },
        {
          "baseline": 18,
          "deltaVs2": null,
          "deltaVsAvg": -2,
          "group": "distribution",
          "holes": null,
          "label": "Pars",
          "polarity": "higher",
          "value": 16,
        },
        {
          "baseline": 0,
          "deltaVs2": null,
          "deltaVsAvg": 0,
          "group": "distribution",
          "holes": null,
          "label": "Bogeys",
          "polarity": "lower",
          "value": 0,
        },
        {
          "baseline": 0,
          "deltaVs2": null,
          "deltaVsAvg": 1,
          "group": "distribution",
          "holes": null,
          "label": "Blow-ups",
          "polarity": "lower",
          "value": 1,
        },
      ],
      "key": "distribution",
      "label": "Scoring",
    },
    {
      "cells": [
        {
          "baseline": 36,
          "deltaVs2": null,
          "deltaVsAvg": 0,
          "group": "shots",
          "holes": null,
          "label": "Putts",
          "polarity": "lower",
          "value": 36,
        },
        {
          "baseline": 40,
          "deltaVs2": null,
          "deltaVsAvg": 0,
          "group": "shots",
          "holes": null,
          "label": "Fairways hit %",
          "polarity": "higher",
          "value": 40,
        },
        {
          "baseline": 100,
          "deltaVs2": null,
          "deltaVsAvg": -6,
          "group": "shots",
          "holes": null,
          "label": "Greens in reg %",
          "polarity": "higher",
          "value": 94,
        },
        {
          "baseline": 0,
          "deltaVs2": null,
          "deltaVsAvg": 0,
          "group": "shots",
          "holes": null,
          "label": "Penalties",
          "polarity": "lower",
          "value": 0,
        },
      ],
      "key": "shots",
      "label": "Shot stats",
    },
  ],
  "hasHistory": true,
  "hasShotData": true,
  "headline": {
    "clearedBenchmark": false,
    "perHole": 1.94,
    "points": 35,
    "tone": "neutral",
    "verdict": "Solid round",
    "vsAvg": -1.1,
  },
  "round": {
    "complete": true,
    "courseName": "Course",
    "holesPlayed": 18,
    "key": "target",
    "tournamentDate": "2026-04-15",
    "tournamentName": "Cup",
  },
}
`;
